// Jest Snapshot v1, https://goo.gl/fbAQLP

exports[`icon render successfully 1`] = `
<svg
  className="zui-icon"
>
  <use
    xlinkHref="#strawberry"
  />
</svg>
`;
